path: t.nc
netcdf t.nc {
dimensions:
	time = UNLIMITED ; // (5 currently)
	lat = 45 ;
	lon = 90 ;
	level = 12 ;
variables:
	int t1() ;
	double time(time) ;
	byte lat(lat) ;
	short lon(lon) ;
	int level(level) ;
	float temperature(time, level, lat, lon) ;
		temperature:units = "degree_Celsius" ;
		temperature:valid_range = -100.0, 200.0 ;
		temperature:missing_value = -999.0 ;
		temperature:_FillValue = -9999.0 ;

// global attributes:
		:conventions = "none" ;

}
{
	0.0, 60.0, 120.0, 180.0, 240.0
}
netcdf test.nc {
dimensions:
	record = UNLIMITED ; // (8 currently)
	ixx = 7 ;
	iyy = 8 ;
variables:
	byte Byte(record, ixx) ;
		Byte:UNITS = "ones" ;
		Byte:VALIDMIN = -127.0 ;
		Byte:VALIDMAX = 127.0 ;
		Byte:SCALEMIN = -127.0 ;
		Byte:SCALEMAX = 127.0 ;
		Byte:FIELDNAM = "Byte sized integer variable" ;
	char Char(record, iyy) ;
		Char:UNITS = "(unitless)" ;
		Char:VALIDMIN = -1.0 ;
		Char:VALIDMAX = -1.0 ;
		Char:SCALEMIN = -1.0 ;
		Char:SCALEMAX = -1.0 ;
		Char:FIELDNAM = "char (string) variable" ;
	short Short(record, iyy) ;
		Short:UNITS = "ones" ;
		Short:VALIDMIN = -32767.0 ;
		Short:VALIDMAX = 32767.0 ;
		Short:SCALEMIN = -32767.0 ;
		Short:SCALEMAX = 32767.0 ;
		Short:FIELDNAM = "Short variable" ;
	int Long(ixx, iyy) ;
		Long:UNITS = "ones" ;
		Long:VALIDMIN = -2.147483647E9 ;
		Long:VALIDMAX = 2.147483647E9 ;
		Long:SCALEMIN = -2.147483647E9 ;
		Long:SCALEMAX = 2.147483647E9 ;
		Long:FIELDNAM = "Long Integer variable" ;
		Long:_FillValue = -1 ;
	float Float(record, ixx, iyy) ;
		Float:UNITS = "flots" ;
		Float:VALIDMIN = -2.147483647E9 ;
		Float:VALIDMAX = 2.147483647E9 ;
		Float:SCALEMIN = -2.147483647E9 ;
		Float:SCALEMAX = 2.147483647E9 ;
		Float:FIELDNAM = "Single Precision Floating Point variable" ;
	double Double(record, ixx, iyy) ;
		Double:UNITS = "dflots" ;
		Double:VALIDMIN = -2.147483647E9 ;
		Double:VALIDMAX = 2.147483647E9 ;
		Double:SCALEMIN = -2.147483647E9 ;
		Double:SCALEMAX = 2.147483647E9 ;
		Double:FIELDNAM = "Double Precision Floating Point variable" ;
		Double:_FillValue = -9999.0 ;

// global attributes:
		:TITLE = "test.nc" ;

}
{
	{
	{
	65.0, 66.0, 67.0, 68.0, 69.0, 70.0
}, {
	73.0, 74.0, 2.7182817, 76.0, 77.0, 78.0
}, {
	81.0, 82.0, 83.0, 84.0, 85.0, 86.0
}
}, {
	{
	121.0, 122.0, 123.0, 124.0, 125.0, 126.0
}, {
	129.0, 130.0, 131.0, 132.0, 133.0, 134.0
}, {
	137.0, 138.0, 139.0, 140.0, 141.0, 142.0
}
}
}
{
	{
	{
	65.0, 66.0, 67.0, 68.0, 69.0, 70.0
}, {
	73.0, 74.0, 2.7182817, 76.0, 77.0, 78.0
}, {
	81.0, 82.0, 83.0, 84.0, 85.0, 86.0
}
}, {
	{
	121.0, 122.0, 123.0, 124.0, 125.0, 126.0
}, {
	129.0, 130.0, 131.0, 132.0, 133.0, 134.0
}, {
	137.0, 138.0, 139.0, 140.0, 141.0, 142.0
}
}
}
